// Jest Snapshot v1, https://goo.gl/fbAQLP

exports[`Emoji should match the snapshot 1`] = `
<span
  aria-label="fire"
  className="emoji"
  role="img"
>
  ðŸ”¥
</span>
`;
