// Jest Snapshot v1, https://goo.gl/fbAQLP

exports[`UserBar should match the snapshot 1`] = `
<div
  className="user"
>
  <img
    alt=""
    className="user__avatar"
    src="img.jpg"
    width="32px"
  />
  <span
    className="user__name"
  >
    John Doe
  </span>
</div>
`;
